<html>
<body>
<pre>
<h1>µVision Build Log</h1>
<h2>Tool Versions:</h2>
IDE-Version: ¦ÌVision V5.41.0.0
Copyright (C) 2024 ARM Ltd and ARM Germany GmbH. All rights reserved.
License Information: 1 1, 1, LIC=65ISZ-JFXWD-SB8EJ-UP2DC-90MQ2-55NLT
 
Tool Versions:
Toolchain:       MDK-ARM Plus  Version: 5.41.0.0
Toolchain Path:  G:\Applications\MDK_541\code\ARM\ARMCLANG\Bin
C Compiler:      ArmClang.exe V6.22
Assembler:       Armasm.exe V6.22
Linker/Locator:  ArmLink.exe V6.22
Library Manager: ArmAr.exe V6.22
Hex Converter:   FromElf.exe V6.22
CPU DLL:         SARMCM3.DLL V5.41.0.0
Dialog DLL:      DCM.DLL V1.17.5.0
Target DLL:      STLink\ST-LINKIII-KEIL_SWO.dll V3.3.0.0
Dialog DLL:      TCM.DLL V1.56.4.0
 
<h2>Project:</h2>
G:\GD32_project\demo_01\USER\demo.uvprojx
Project File Date:  12/21/2025

<h2>Output:</h2>
*** Using Compiler 'V6.22', folder: 'G:\Applications\MDK_541\code\ARM\ARMCLANG\Bin'
Rebuild target 'demo'
compiling gd32f10x_it.c...
compiling system_gd32f10x.c...
compiling delay.c...
compiling w25q64.c...
compiling m24c02.c...
compiling spi.c...
compiling fmc.c...
compiling usart.c...
compiling main.c...
compiling iic.c...
assembling startup_gd32f10x_md.s...
compiling boot.c...
compiling gd32f10x_misc.c...
compiling gd32f10x_gpio.c...
compiling gd32f10x_rcu.c...
compiling gd32f10x_usart.c...
compiling gd32f10x_spi.c...
compiling gd32f10x_dma.c...
compiling gd32f10x_fmc.c...
linking...
Program Size: Code=12952 RO-data=880 RW-data=0 ZI-data=6088  
FromELF: creating hex file...
".\Objects\demo.axf" - 0 Error(s), 0 Warning(s).

<h2>Software Packages used:</h2>

Package Vendor: GigaDevice
                https://gd32mcu.com/data/documents/pack/GigaDevice.GD32F10x_DFP.2.3.0.pack
                GigaDevice::GD32F10x_DFP@2.3.0
                GigaDevice GD32F10x Series Device Support and Examples

<h2>Collection of Component include folders:</h2>
  G:/Applications/MDK_541/back/GigaDevice/GD32F10x_DFP/2.3.0/Device/Include

<h2>Collection of Component Files used:</h2>
Build Time Elapsed:  00:00:02
</pre>
</body>
</html>
